// Jest Snapshot v1, https://goo.gl/fbAQLP

exports[`ErrorMessage renders the component 1`] = `
<h2
  class="dse-error-message"
>
  Random error message
</h2>
`;
